<svg width="45.5" height="20" viewBox="0 0 455 200"
    xmlns="http://www.w3.org/2000/svg" role="img" aria-label="v1.0.0">
    <title>v1.0.0</title>
    <g>
        <rect fill="#16a34a" x="0" width="455" height="200" />
    </g>
    <g aria-hidden="true" fill="#fff" text-anchor="start" font-family="Verdana,Geneva,DejaVu Sans,sans-serif"
        font-size="110">
        <text x="65" y="148" textLength="355" fill="#000"
            opacity="0.1">v1.0.0</text>
        <text x="55" y="138" textLength="355">v1.0.0</text>
    </g>
</svg>
